# scenario: joins (seed 2)
#   CREATE TABLE cust (cid BIGINT, region BIGINT, PRIMARY KEY (cid))
#   CREATE TABLE ord (oid BIGINT, cid BIGINT, amt BIGINT, PRIMARY KEY (oid))
#   CREATE INDEX ord_cid ON ord(cid)

=== SELECT c.cid, o.oid, o.amt FROM cust c JOIN ord o ON c.cid = o.cid ORDER BY c.cid, o.oid
PLAN: Project([_current.CID#0, _current.OID#2, _current.AMT#4], InMemorySort([_current.CID#0 ASC, _current.OID#2 ASC], FlatMap(outer=Scan(CUST), inner=IndexScan(ORD_CID, [=]))))
ROWS(4) cols=[CID, OID, AMT]:
  [1, 100, 50]
  [1, 101, 70]
  [2, 102, 30]
  [3, 103, 90]

=== SELECT c.region, SUM(o.amt) FROM cust c JOIN ord o ON c.cid = o.cid GROUP BY c.region ORDER BY c.region
PLAN: Project([_current.REGION#0, _current.SUM(O.AMT)#1], StreamingAgg(keys=[_current.REGION#1], InMemorySort([_current.REGION#1 ASC], FlatMap(outer=Scan(ORD), inner=Scan(CUST, [=])))))
ROWS(2) cols=[REGION, SUM(O.AMT)]:
  [10, 210]
  [20, 30]

=== SELECT o.oid FROM ord o JOIN cust c ON o.cid = c.cid WHERE c.region = 10 ORDER BY o.oid
PLAN: Project([_current.OID#0], FlatMap(outer=Scan(ORD), inner=PredicatesFilter(Scan(CUST, [=]), [1 preds])))
ROWS(3) cols=[OID]:
  [100]
  [101]
  [103]

=== SELECT COUNT(*) FROM cust c JOIN ord o ON c.cid = o.cid
PLAN: Project([_current.COUNT(*)#0], StreamingAgg(keys=[], FlatMap(outer=Scan(CUST), inner=IndexScan(ORD_CID, [=]))))
ROWS(1) cols=[COUNT(*)]:
  [4]

