# scenario: subquery (seed 6)
#   CREATE TABLE cust (cid BIGINT, region BIGINT, PRIMARY KEY (cid))
#   CREATE TABLE ord (oid BIGINT, cid BIGINT, amt BIGINT, PRIMARY KEY (oid))
#   CREATE INDEX ord_cid ON ord(cid)

=== SELECT c.cid, (SELECT COUNT(*) FROM ord o WHERE o.cid = c.cid) FROM cust c ORDER BY c.cid
PLAN: Map(FlatMap(outer=Scan(CUST), inner=DefaultOnEmpty(Map(StreamingAgg(keys=[], IndexScan(ORD_CID, [=] COVERING)), {_0: COALESCE(_current.COUNT(*)#0, 0)}))), {CID: _current.CID#0, _0: _current._0#2})
ROWS(3) cols=[CID, _1]:
  [1, 2]
  [2, 1]
  [3, 1]

=== SELECT c.cid FROM cust c WHERE EXISTS (SELECT 1 FROM ord o WHERE o.cid = c.cid) ORDER BY c.cid
PLAN: Map(FlatMap(outer=Scan(CUST), inner=PredicatesFilter(FirstOrDefault(IndexScan(ORD_CID, [=])), [1 preds])), {CID: _current.CID#0})
ROWS(3) cols=[CID]:
  [1]
  [2]
  [3]

=== SELECT oid FROM ord WHERE amt > (SELECT MIN(amt) FROM ord) ORDER BY oid
PLAN: Map(PredicatesFilter(Scan(ORD), [1 preds]), {OID: _current.OID#0})
ROWS(3) cols=[OID]:
  [100]
  [101]
  [103]

=== SELECT c.region, COUNT(*) FROM cust c JOIN ord o ON c.cid = o.cid GROUP BY c.region HAVING COUNT(*) > 1 ORDER BY c.region
PLAN: Map(PredicatesFilter(StreamingAgg(keys=[_current.REGION#1], InMemorySort([_current.REGION#1 ASC], FlatMap(outer=Scan(CUST), inner=IndexScan(ORD_CID, [=])))), [1 preds]), {REGION: _current.REGION#0, _1: _current.COUNT(*)#1})
ROWS(1) cols=[REGION, _1]:
  [10, 3]

