[     438ms] [ERROR] Access to fetch at 'https://website-price-api.hetzner.com/api/v1/server-auction' from origin 'https://www.hetzner.com' has been blocked by CORS policy: No 'Access-Control-Allow-Origin' header is present on the requested resource. @ https://www.hetzner.com/sb/:2806
[     439ms] [ERROR] Failed to load resource: net::ERR_FAILED @ https://website-price-api.hetzner.com/api/v1/server-auction:0
[     501ms] [ERROR] Access to fetch at 'https://website-price-api.hetzner.com/api/v1/views/nav_prices' from origin 'https://www.hetzner.com' has been blocked by CORS policy: No 'Access-Control-Allow-Origin' header is present on the requested resource. @ https://www.hetzner.com/sb/:3513
[     501ms] [ERROR] Failed to load resource: net::ERR_FAILED @ https://website-price-api.hetzner.com/api/v1/views/nav_prices:0
[     530ms] [ERROR] Access to fetch at 'https://website-price-api.hetzner.com/api/v1/products/ROBOT_164' from origin 'https://www.hetzner.com' has been blocked by CORS policy: No 'Access-Control-Allow-Origin' header is present on the requested resource. @ https://www.hetzner.com/sb/:3513
[     530ms] [ERROR] Failed to load resource: net::ERR_FAILED @ https://website-price-api.hetzner.com/api/v1/products/ROBOT_164:0
[     531ms] [ERROR] Access to fetch at 'https://hetzner.com/_resources/app/data/app/live_data_sb_USD.json' from origin 'https://www.hetzner.com' has been blocked by CORS policy: No 'Access-Control-Allow-Origin' header is present on the requested resource. @ https://www.hetzner.com/sb/:3513
[     531ms] [ERROR] Failed to load resource: net::ERR_FAILED @ https://hetzner.com/_resources/app/data/app/live_data_sb_USD.json:0
[     531ms] [WARNING] [ho-price] Failed to fetch price: TypeError: Failed to fetch
    at e9 (https://www.hetzner.com/_resources/themes/static/dist/vendors.js?m=1782211071:7:533398)
    at ot (https://www.hetzner.com/_resources/themes/static/dist/vendors.js?m=1782211071:7:533722)
    at or (https://www.hetzner.com/_resources/themes/static/dist/vendors.js?m=1782211071:7:534333)
    at oo (https://www.hetzner.com/_resources/themes/static/dist/vendors.js?m=1782211071:7:533976)
    at async om._resolveViewPrice (https://www.hetzner.com/_resources/themes/static/dist/vendors.js?m=1782211071:7:536451)
    at async om._fetchAndApplyPrice (https://www.hetzner.com/_resources/themes/static/dist/vendors.js?m=1782211071:7:536064) @ https://www.hetzner.com/_resources/themes/static/dist/vendors.js?m=1782211071:6
[     532ms] [WARNING] [ho-price] Failed to fetch price: TypeError: Failed to fetch
    at e9 (https://www.hetzner.com/_resources/themes/static/dist/vendors.js?m=1782211071:7:533398)
    at ot (https://www.hetzner.com/_resources/themes/static/dist/vendors.js?m=1782211071:7:533722)
    at or (https://www.hetzner.com/_resources/themes/static/dist/vendors.js?m=1782211071:7:534333)
    at oo (https://www.hetzner.com/_resources/themes/static/dist/vendors.js?m=1782211071:7:533976)
    at async om._resolveViewPrice (https://www.hetzner.com/_resources/themes/static/dist/vendors.js?m=1782211071:7:536451)
    at async om._fetchAndApplyPrice (https://www.hetzner.com/_resources/themes/static/dist/vendors.js?m=1782211071:7:536064) @ https://www.hetzner.com/_resources/themes/static/dist/vendors.js?m=1782211071:6
[     532ms] [WARNING] [ho-price] Failed to fetch price: TypeError: Failed to fetch
    at e9 (https://www.hetzner.com/_resources/themes/static/dist/vendors.js?m=1782211071:7:533398)
    at ot (https://www.hetzner.com/_resources/themes/static/dist/vendors.js?m=1782211071:7:533722)
    at or (https://www.hetzner.com/_resources/themes/static/dist/vendors.js?m=1782211071:7:534333)
    at oo (https://www.hetzner.com/_resources/themes/static/dist/vendors.js?m=1782211071:7:533976)
    at async om._resolveViewPrice (https://www.hetzner.com/_resources/themes/static/dist/vendors.js?m=1782211071:7:536451)
    at async om._fetchAndApplyPrice (https://www.hetzner.com/_resources/themes/static/dist/vendors.js?m=1782211071:7:536064) @ https://www.hetzner.com/_resources/themes/static/dist/vendors.js?m=1782211071:6
[     532ms] [WARNING] [ho-price] Failed to fetch price: TypeError: Failed to fetch
    at e9 (https://www.hetzner.com/_resources/themes/static/dist/vendors.js?m=1782211071:7:533398)
    at ot (https://www.hetzner.com/_resources/themes/static/dist/vendors.js?m=1782211071:7:533722)
    at or (https://www.hetzner.com/_resources/themes/static/dist/vendors.js?m=1782211071:7:534333)
    at oo (https://www.hetzner.com/_resources/themes/static/dist/vendors.js?m=1782211071:7:533976)
    at async om._resolveViewPrice (https://www.hetzner.com/_resources/themes/static/dist/vendors.js?m=1782211071:7:536451)
    at async om._fetchAndApplyPrice (https://www.hetzner.com/_resources/themes/static/dist/vendors.js?m=1782211071:7:536064) @ https://www.hetzner.com/_resources/themes/static/dist/vendors.js?m=1782211071:6
[     532ms] [WARNING] [ho-price] Failed to fetch price: TypeError: Failed to fetch
    at e9 (https://www.hetzner.com/_resources/themes/static/dist/vendors.js?m=1782211071:7:533398)
    at ot (https://www.hetzner.com/_resources/themes/static/dist/vendors.js?m=1782211071:7:533722)
    at or (https://www.hetzner.com/_resources/themes/static/dist/vendors.js?m=1782211071:7:534333)
    at oo (https://www.hetzner.com/_resources/themes/static/dist/vendors.js?m=1782211071:7:533976)
    at async om._resolveViewPrice (https://www.hetzner.com/_resources/themes/static/dist/vendors.js?m=1782211071:7:536451)
    at async om._fetchAndApplyPrice (https://www.hetzner.com/_resources/themes/static/dist/vendors.js?m=1782211071:7:536064) @ https://www.hetzner.com/_resources/themes/static/dist/vendors.js?m=1782211071:6
[     532ms] [WARNING] [ho-price] Failed to fetch price: TypeError: Failed to fetch
    at e9 (https://www.hetzner.com/_resources/themes/static/dist/vendors.js?m=1782211071:7:533398)
    at ot (https://www.hetzner.com/_resources/themes/static/dist/vendors.js?m=1782211071:7:533722)
    at or (https://www.hetzner.com/_resources/themes/static/dist/vendors.js?m=1782211071:7:534333)
    at oo (https://www.hetzner.com/_resources/themes/static/dist/vendors.js?m=1782211071:7:533976)
    at async om._resolveViewPrice (https://www.hetzner.com/_resources/themes/static/dist/vendors.js?m=1782211071:7:536451)
    at async om._fetchAndApplyPrice (https://www.hetzner.com/_resources/themes/static/dist/vendors.js?m=1782211071:7:536064) @ https://www.hetzner.com/_resources/themes/static/dist/vendors.js?m=1782211071:6
[     532ms] [ERROR] Access to fetch at 'https://hetzner.com/_resources/app/data/app/live_data_sb_EUR.json' from origin 'https://www.hetzner.com' has been blocked by CORS policy: No 'Access-Control-Allow-Origin' header is present on the requested resource. @ https://www.hetzner.com/sb/:3513
[     532ms] [ERROR] Failed to load resource: net::ERR_FAILED @ https://hetzner.com/_resources/app/data/app/live_data_sb_EUR.json:0
[     543ms] [ERROR] Access to fetch at 'https://hetzner.com/_resources/app/data/app/live_data_prices.json' from origin 'https://www.hetzner.com' has been blocked by CORS policy: No 'Access-Control-Allow-Origin' header is present on the requested resource. @ https://www.hetzner.com/sb/:3820
[     543ms] [ERROR] Failed to load resource: net::ERR_FAILED @ https://hetzner.com/_resources/app/data/app/live_data_prices.json:0
[     543ms] [WARNING] [ho-price] Failed to fetch price: TypeError: Failed to fetch
    at e9 (https://www.hetzner.com/_resources/themes/static/dist/vendors.js?m=1782211071:7:533398)
    at ot (https://www.hetzner.com/_resources/themes/static/dist/vendors.js?m=1782211071:7:533722)
    at on (https://www.hetzner.com/_resources/themes/static/dist/vendors.js?m=1782211071:7:534204)
    at async om._resolveViewPrice (https://www.hetzner.com/_resources/themes/static/dist/vendors.js?m=1782211071:7:536476)
    at async om._fetchAndApplyPrice (https://www.hetzner.com/_resources/themes/static/dist/vendors.js?m=1782211071:7:536064) @ https://www.hetzner.com/_resources/themes/static/dist/vendors.js?m=1782211071:6
[     543ms] [WARNING] [ho-price] Failed to fetch price: TypeError: Failed to fetch
    at e9 (https://www.hetzner.com/_resources/themes/static/dist/vendors.js?m=1782211071:7:533398)
    at ot (https://www.hetzner.com/_resources/themes/static/dist/vendors.js?m=1782211071:7:533722)
    at on (https://www.hetzner.com/_resources/themes/static/dist/vendors.js?m=1782211071:7:534204)
    at async om._resolveViewPrice (https://www.hetzner.com/_resources/themes/static/dist/vendors.js?m=1782211071:7:536476)
    at async om._fetchAndApplyPrice (https://www.hetzner.com/_resources/themes/static/dist/vendors.js?m=1782211071:7:536064) @ https://www.hetzner.com/_resources/themes/static/dist/vendors.js?m=1782211071:6
[     543ms] [WARNING] [ho-price] Failed to fetch price: TypeError: Failed to fetch
    at e9 (https://www.hetzner.com/_resources/themes/static/dist/vendors.js?m=1782211071:7:533398)
    at ot (https://www.hetzner.com/_resources/themes/static/dist/vendors.js?m=1782211071:7:533722)
    at on (https://www.hetzner.com/_resources/themes/static/dist/vendors.js?m=1782211071:7:534204)
    at async om._resolveViewPrice (https://www.hetzner.com/_resources/themes/static/dist/vendors.js?m=1782211071:7:536476)
    at async om._fetchAndApplyPrice (https://www.hetzner.com/_resources/themes/static/dist/vendors.js?m=1782211071:7:536064) @ https://www.hetzner.com/_resources/themes/static/dist/vendors.js?m=1782211071:6
[     544ms] [WARNING] [ho-price] Failed to fetch price: TypeError: Failed to fetch
    at e9 (https://www.hetzner.com/_resources/themes/static/dist/vendors.js?m=1782211071:7:533398)
    at ot (https://www.hetzner.com/_resources/themes/static/dist/vendors.js?m=1782211071:7:533722)
    at on (https://www.hetzner.com/_resources/themes/static/dist/vendors.js?m=1782211071:7:534204)
    at async om._resolveViewPrice (https://www.hetzner.com/_resources/themes/static/dist/vendors.js?m=1782211071:7:536476)
    at async om._fetchAndApplyPrice (https://www.hetzner.com/_resources/themes/static/dist/vendors.js?m=1782211071:7:536064) @ https://www.hetzner.com/_resources/themes/static/dist/vendors.js?m=1782211071:6
[     544ms] [WARNING] [ho-price] Failed to fetch price: TypeError: Failed to fetch
    at e9 (https://www.hetzner.com/_resources/themes/static/dist/vendors.js?m=1782211071:7:533398)
    at ot (https://www.hetzner.com/_resources/themes/static/dist/vendors.js?m=1782211071:7:533722)
    at on (https://www.hetzner.com/_resources/themes/static/dist/vendors.js?m=1782211071:7:534204)
    at async om._resolveViewPrice (https://www.hetzner.com/_resources/themes/static/dist/vendors.js?m=1782211071:7:536476)
    at async om._fetchAndApplyPrice (https://www.hetzner.com/_resources/themes/static/dist/vendors.js?m=1782211071:7:536064) @ https://www.hetzner.com/_resources/themes/static/dist/vendors.js?m=1782211071:6
[     544ms] [WARNING] [ho-price] Failed to fetch price: TypeError: Failed to fetch
    at e9 (https://www.hetzner.com/_resources/themes/static/dist/vendors.js?m=1782211071:7:533398)
    at ot (https://www.hetzner.com/_resources/themes/static/dist/vendors.js?m=1782211071:7:533722)
    at on (https://www.hetzner.com/_resources/themes/static/dist/vendors.js?m=1782211071:7:534204)
    at async om._resolveViewPrice (https://www.hetzner.com/_resources/themes/static/dist/vendors.js?m=1782211071:7:536476)
    at async om._fetchAndApplyPrice (https://www.hetzner.com/_resources/themes/static/dist/vendors.js?m=1782211071:7:536064) @ https://www.hetzner.com/_resources/themes/static/dist/vendors.js?m=1782211071:6
[     544ms] [WARNING] [ho-price] Failed to fetch price: TypeError: Failed to fetch
    at e9 (https://www.hetzner.com/_resources/themes/static/dist/vendors.js?m=1782211071:7:533398)
    at ot (https://www.hetzner.com/_resources/themes/static/dist/vendors.js?m=1782211071:7:533722)
    at on (https://www.hetzner.com/_resources/themes/static/dist/vendors.js?m=1782211071:7:534204)
    at async om._resolveViewPrice (https://www.hetzner.com/_resources/themes/static/dist/vendors.js?m=1782211071:7:536476)
    at async om._fetchAndApplyPrice (https://www.hetzner.com/_resources/themes/static/dist/vendors.js?m=1782211071:7:536064) @ https://www.hetzner.com/_resources/themes/static/dist/vendors.js?m=1782211071:6
[     544ms] [WARNING] [ho-price] Failed to fetch price: TypeError: Failed to fetch
    at e9 (https://www.hetzner.com/_resources/themes/static/dist/vendors.js?m=1782211071:7:533398)
    at ot (https://www.hetzner.com/_resources/themes/static/dist/vendors.js?m=1782211071:7:533722)
    at on (https://www.hetzner.com/_resources/themes/static/dist/vendors.js?m=1782211071:7:534204)
    at async om._resolveViewPrice (https://www.hetzner.com/_resources/themes/static/dist/vendors.js?m=1782211071:7:536476)
    at async om._fetchAndApplyPrice (https://www.hetzner.com/_resources/themes/static/dist/vendors.js?m=1782211071:7:536064) @ https://www.hetzner.com/_resources/themes/static/dist/vendors.js?m=1782211071:6
[     544ms] [WARNING] [ho-price] Failed to fetch price: TypeError: Failed to fetch
    at e9 (https://www.hetzner.com/_resources/themes/static/dist/vendors.js?m=1782211071:7:533398)
    at ot (https://www.hetzner.com/_resources/themes/static/dist/vendors.js?m=1782211071:7:533722)
    at on (https://www.hetzner.com/_resources/themes/static/dist/vendors.js?m=1782211071:7:534204)
    at async om._resolveViewPrice (https://www.hetzner.com/_resources/themes/static/dist/vendors.js?m=1782211071:7:536476)
    at async om._fetchAndApplyPrice (https://www.hetzner.com/_resources/themes/static/dist/vendors.js?m=1782211071:7:536064) @ https://www.hetzner.com/_resources/themes/static/dist/vendors.js?m=1782211071:6
[     544ms] [WARNING] [ho-price] Failed to fetch price: TypeError: Failed to fetch
    at e9 (https://www.hetzner.com/_resources/themes/static/dist/vendors.js?m=1782211071:7:533398)
    at ot (https://www.hetzner.com/_resources/themes/static/dist/vendors.js?m=1782211071:7:533722)
    at on (https://www.hetzner.com/_resources/themes/static/dist/vendors.js?m=1782211071:7:534204)
    at async om._resolveViewPrice (https://www.hetzner.com/_resources/themes/static/dist/vendors.js?m=1782211071:7:536476)
    at async om._fetchAndApplyPrice (https://www.hetzner.com/_resources/themes/static/dist/vendors.js?m=1782211071:7:536064) @ https://www.hetzner.com/_resources/themes/static/dist/vendors.js?m=1782211071:6
[     544ms] [WARNING] [ho-price] Failed to fetch price: TypeError: Failed to fetch
    at e9 (https://www.hetzner.com/_resources/themes/static/dist/vendors.js?m=1782211071:7:533398)
    at ot (https://www.hetzner.com/_resources/themes/static/dist/vendors.js?m=1782211071:7:533722)
    at on (https://www.hetzner.com/_resources/themes/static/dist/vendors.js?m=1782211071:7:534204)
    at async om._resolveViewPrice (https://www.hetzner.com/_resources/themes/static/dist/vendors.js?m=1782211071:7:536476)
    at async om._fetchAndApplyPrice (https://www.hetzner.com/_resources/themes/static/dist/vendors.js?m=1782211071:7:536064) @ https://www.hetzner.com/_resources/themes/static/dist/vendors.js?m=1782211071:6
[     544ms] [WARNING] [ho-price] Failed to fetch price: TypeError: Failed to fetch
    at e9 (https://www.hetzner.com/_resources/themes/static/dist/vendors.js?m=1782211071:7:533398)
    at ot (https://www.hetzner.com/_resources/themes/static/dist/vendors.js?m=1782211071:7:533722)
    at on (https://www.hetzner.com/_resources/themes/static/dist/vendors.js?m=1782211071:7:534204)
    at async om._resolveViewPrice (https://www.hetzner.com/_resources/themes/static/dist/vendors.js?m=1782211071:7:536476)
    at async om._fetchAndApplyPrice (https://www.hetzner.com/_resources/themes/static/dist/vendors.js?m=1782211071:7:536064) @ https://www.hetzner.com/_resources/themes/static/dist/vendors.js?m=1782211071:6
[     544ms] [WARNING] [ho-price] Failed to fetch price: TypeError: Failed to fetch
    at e9 (https://www.hetzner.com/_resources/themes/static/dist/vendors.js?m=1782211071:7:533398)
    at ot (https://www.hetzner.com/_resources/themes/static/dist/vendors.js?m=1782211071:7:533722)
    at on (https://www.hetzner.com/_resources/themes/static/dist/vendors.js?m=1782211071:7:534204)
    at async om._resolveViewPrice (https://www.hetzner.com/_resources/themes/static/dist/vendors.js?m=1782211071:7:536476)
    at async om._fetchAndApplyPrice (https://www.hetzner.com/_resources/themes/static/dist/vendors.js?m=1782211071:7:536064) @ https://www.hetzner.com/_resources/themes/static/dist/vendors.js?m=1782211071:6
[     544ms] [WARNING] [ho-price] Failed to fetch price: TypeError: Failed to fetch
    at e9 (https://www.hetzner.com/_resources/themes/static/dist/vendors.js?m=1782211071:7:533398)
    at ot (https://www.hetzner.com/_resources/themes/static/dist/vendors.js?m=1782211071:7:533722)
    at on (https://www.hetzner.com/_resources/themes/static/dist/vendors.js?m=1782211071:7:534204)
    at async om._resolveViewPrice (https://www.hetzner.com/_resources/themes/static/dist/vendors.js?m=1782211071:7:536476)
    at async om._fetchAndApplyPrice (https://www.hetzner.com/_resources/themes/static/dist/vendors.js?m=1782211071:7:536064) @ https://www.hetzner.com/_resources/themes/static/dist/vendors.js?m=1782211071:6
[     544ms] [WARNING] [ho-price] Failed to fetch price: TypeError: Failed to fetch
    at e9 (https://www.hetzner.com/_resources/themes/static/dist/vendors.js?m=1782211071:7:533398)
    at ot (https://www.hetzner.com/_resources/themes/static/dist/vendors.js?m=1782211071:7:533722)
    at on (https://www.hetzner.com/_resources/themes/static/dist/vendors.js?m=1782211071:7:534204)
    at async om._resolveViewPrice (https://www.hetzner.com/_resources/themes/static/dist/vendors.js?m=1782211071:7:536476)
    at async om._fetchAndApplyPrice (https://www.hetzner.com/_resources/themes/static/dist/vendors.js?m=1782211071:7:536064) @ https://www.hetzner.com/_resources/themes/static/dist/vendors.js?m=1782211071:6
[     545ms] [WARNING] [ho-price] Failed to fetch price: TypeError: Failed to fetch
    at e9 (https://www.hetzner.com/_resources/themes/static/dist/vendors.js?m=1782211071:7:533398)
    at ot (https://www.hetzner.com/_resources/themes/static/dist/vendors.js?m=1782211071:7:533722)
    at on (https://www.hetzner.com/_resources/themes/static/dist/vendors.js?m=1782211071:7:534204)
    at async om._resolveViewPrice (https://www.hetzner.com/_resources/themes/static/dist/vendors.js?m=1782211071:7:536476)
    at async om._fetchAndApplyPrice (https://www.hetzner.com/_resources/themes/static/dist/vendors.js?m=1782211071:7:536064) @ https://www.hetzner.com/_resources/themes/static/dist/vendors.js?m=1782211071:6
[     545ms] [WARNING] [ho-price] Failed to fetch price: TypeError: Failed to fetch
    at e9 (https://www.hetzner.com/_resources/themes/static/dist/vendors.js?m=1782211071:7:533398)
    at ot (https://www.hetzner.com/_resources/themes/static/dist/vendors.js?m=1782211071:7:533722)
    at on (https://www.hetzner.com/_resources/themes/static/dist/vendors.js?m=1782211071:7:534204)
    at async om._resolveViewPrice (https://www.hetzner.com/_resources/themes/static/dist/vendors.js?m=1782211071:7:536476)
    at async om._fetchAndApplyPrice (https://www.hetzner.com/_resources/themes/static/dist/vendors.js?m=1782211071:7:536064) @ https://www.hetzner.com/_resources/themes/static/dist/vendors.js?m=1782211071:6
[     545ms] [WARNING] [ho-price] Failed to fetch price: TypeError: Failed to fetch
    at e9 (https://www.hetzner.com/_resources/themes/static/dist/vendors.js?m=1782211071:7:533398)
    at ot (https://www.hetzner.com/_resources/themes/static/dist/vendors.js?m=1782211071:7:533722)
    at on (https://www.hetzner.com/_resources/themes/static/dist/vendors.js?m=1782211071:7:534204)
    at async om._resolveViewPrice (https://www.hetzner.com/_resources/themes/static/dist/vendors.js?m=1782211071:7:536476)
    at async om._fetchAndApplyPrice (https://www.hetzner.com/_resources/themes/static/dist/vendors.js?m=1782211071:7:536064) @ https://www.hetzner.com/_resources/themes/static/dist/vendors.js?m=1782211071:6
[     545ms] [WARNING] [ho-price] Failed to fetch price: TypeError: Failed to fetch
    at e9 (https://www.hetzner.com/_resources/themes/static/dist/vendors.js?m=1782211071:7:533398)
    at ot (https://www.hetzner.com/_resources/themes/static/dist/vendors.js?m=1782211071:7:533722)
    at on (https://www.hetzner.com/_resources/themes/static/dist/vendors.js?m=1782211071:7:534204)
    at async om._resolveViewPrice (https://www.hetzner.com/_resources/themes/static/dist/vendors.js?m=1782211071:7:536476)
    at async om._fetchAndApplyPrice (https://www.hetzner.com/_resources/themes/static/dist/vendors.js?m=1782211071:7:536064) @ https://www.hetzner.com/_resources/themes/static/dist/vendors.js?m=1782211071:6
[     545ms] [WARNING] [ho-price] Failed to fetch price: TypeError: Failed to fetch
    at e9 (https://www.hetzner.com/_resources/themes/static/dist/vendors.js?m=1782211071:7:533398)
    at ot (https://www.hetzner.com/_resources/themes/static/dist/vendors.js?m=1782211071:7:533722)
    at on (https://www.hetzner.com/_resources/themes/static/dist/vendors.js?m=1782211071:7:534204)
    at async om._resolveViewPrice (https://www.hetzner.com/_resources/themes/static/dist/vendors.js?m=1782211071:7:536476)
    at async om._fetchAndApplyPrice (https://www.hetzner.com/_resources/themes/static/dist/vendors.js?m=1782211071:7:536064) @ https://www.hetzner.com/_resources/themes/static/dist/vendors.js?m=1782211071:6
[     545ms] [WARNING] [ho-price] Failed to fetch price: TypeError: Failed to fetch
    at e9 (https://www.hetzner.com/_resources/themes/static/dist/vendors.js?m=1782211071:7:533398)
    at ot (https://www.hetzner.com/_resources/themes/static/dist/vendors.js?m=1782211071:7:533722)
    at on (https://www.hetzner.com/_resources/themes/static/dist/vendors.js?m=1782211071:7:534204)
    at async om._resolveViewPrice (https://www.hetzner.com/_resources/themes/static/dist/vendors.js?m=1782211071:7:536476)
    at async om._fetchAndApplyPrice (https://www.hetzner.com/_resources/themes/static/dist/vendors.js?m=1782211071:7:536064) @ https://www.hetzner.com/_resources/themes/static/dist/vendors.js?m=1782211071:6
[     545ms] [WARNING] [ho-price] Failed to fetch price: TypeError: Failed to fetch
    at e9 (https://www.hetzner.com/_resources/themes/static/dist/vendors.js?m=1782211071:7:533398)
    at ot (https://www.hetzner.com/_resources/themes/static/dist/vendors.js?m=1782211071:7:533722)
    at on (https://www.hetzner.com/_resources/themes/static/dist/vendors.js?m=1782211071:7:534204)
    at async om._resolveViewPrice (https://www.hetzner.com/_resources/themes/static/dist/vendors.js?m=1782211071:7:536476)
    at async om._fetchAndApplyPrice (https://www.hetzner.com/_resources/themes/static/dist/vendors.js?m=1782211071:7:536064) @ https://www.hetzner.com/_resources/themes/static/dist/vendors.js?m=1782211071:6
[     545ms] [WARNING] [ho-price] Failed to fetch price: TypeError: Failed to fetch
    at e9 (https://www.hetzner.com/_resources/themes/static/dist/vendors.js?m=1782211071:7:533398)
    at ot (https://www.hetzner.com/_resources/themes/static/dist/vendors.js?m=1782211071:7:533722)
    at on (https://www.hetzner.com/_resources/themes/static/dist/vendors.js?m=1782211071:7:534204)
    at async om._resolveViewPrice (https://www.hetzner.com/_resources/themes/static/dist/vendors.js?m=1782211071:7:536476)
    at async om._fetchAndApplyPrice (https://www.hetzner.com/_resources/themes/static/dist/vendors.js?m=1782211071:7:536064) @ https://www.hetzner.com/_resources/themes/static/dist/vendors.js?m=1782211071:6
[     545ms] [WARNING] [ho-price] Failed to fetch price: TypeError: Failed to fetch
    at e9 (https://www.hetzner.com/_resources/themes/static/dist/vendors.js?m=1782211071:7:533398)
    at ot (https://www.hetzner.com/_resources/themes/static/dist/vendors.js?m=1782211071:7:533722)
    at on (https://www.hetzner.com/_resources/themes/static/dist/vendors.js?m=1782211071:7:534204)
    at async om._resolveViewPrice (https://www.hetzner.com/_resources/themes/static/dist/vendors.js?m=1782211071:7:536476)
    at async om._fetchAndApplyPrice (https://www.hetzner.com/_resources/themes/static/dist/vendors.js?m=1782211071:7:536064) @ https://www.hetzner.com/_resources/themes/static/dist/vendors.js?m=1782211071:6
[     545ms] [WARNING] [ho-price] Failed to fetch price: TypeError: Failed to fetch
    at e9 (https://www.hetzner.com/_resources/themes/static/dist/vendors.js?m=1782211071:7:533398)
    at ot (https://www.hetzner.com/_resources/themes/static/dist/vendors.js?m=1782211071:7:533722)
    at on (https://www.hetzner.com/_resources/themes/static/dist/vendors.js?m=1782211071:7:534204)
    at async om._resolveViewPrice (https://www.hetzner.com/_resources/themes/static/dist/vendors.js?m=1782211071:7:536476)
    at async om._fetchAndApplyPrice (https://www.hetzner.com/_resources/themes/static/dist/vendors.js?m=1782211071:7:536064) @ https://www.hetzner.com/_resources/themes/static/dist/vendors.js?m=1782211071:6
[     545ms] [WARNING] [ho-price] Failed to fetch price: TypeError: Failed to fetch
    at e9 (https://www.hetzner.com/_resources/themes/static/dist/vendors.js?m=1782211071:7:533398)
    at ot (https://www.hetzner.com/_resources/themes/static/dist/vendors.js?m=1782211071:7:533722)
    at on (https://www.hetzner.com/_resources/themes/static/dist/vendors.js?m=1782211071:7:534204)
    at async om._resolveViewPrice (https://www.hetzner.com/_resources/themes/static/dist/vendors.js?m=1782211071:7:536476)
    at async om._fetchAndApplyPrice (https://www.hetzner.com/_resources/themes/static/dist/vendors.js?m=1782211071:7:536064) @ https://www.hetzner.com/_resources/themes/static/dist/vendors.js?m=1782211071:6
[     545ms] [WARNING] [ho-price] Failed to fetch price: TypeError: Failed to fetch
    at e9 (https://www.hetzner.com/_resources/themes/static/dist/vendors.js?m=1782211071:7:533398)
    at ot (https://www.hetzner.com/_resources/themes/static/dist/vendors.js?m=1782211071:7:533722)
    at on (https://www.hetzner.com/_resources/themes/static/dist/vendors.js?m=1782211071:7:534204)
    at async om._resolveViewPrice (https://www.hetzner.com/_resources/themes/static/dist/vendors.js?m=1782211071:7:536476)
    at async om._fetchAndApplyPrice (https://www.hetzner.com/_resources/themes/static/dist/vendors.js?m=1782211071:7:536064) @ https://www.hetzner.com/_resources/themes/static/dist/vendors.js?m=1782211071:6
[     546ms] [WARNING] [ho-price] Failed to fetch price: TypeError: Failed to fetch
    at e9 (https://www.hetzner.com/_resources/themes/static/dist/vendors.js?m=1782211071:7:533398)
    at ot (https://www.hetzner.com/_resources/themes/static/dist/vendors.js?m=1782211071:7:533722)
    at on (https://www.hetzner.com/_resources/themes/static/dist/vendors.js?m=1782211071:7:534204)
    at async om._resolveViewPrice (https://www.hetzner.com/_resources/themes/static/dist/vendors.js?m=1782211071:7:536476)
    at async om._fetchAndApplyPrice (https://www.hetzner.com/_resources/themes/static/dist/vendors.js?m=1782211071:7:536064) @ https://www.hetzner.com/_resources/themes/static/dist/vendors.js?m=1782211071:6
[     546ms] [WARNING] [ho-price] Failed to fetch price: TypeError: Failed to fetch
    at e9 (https://www.hetzner.com/_resources/themes/static/dist/vendors.js?m=1782211071:7:533398)
    at ot (https://www.hetzner.com/_resources/themes/static/dist/vendors.js?m=1782211071:7:533722)
    at on (https://www.hetzner.com/_resources/themes/static/dist/vendors.js?m=1782211071:7:534204)
    at async om._resolveViewPrice (https://www.hetzner.com/_resources/themes/static/dist/vendors.js?m=1782211071:7:536476)
    at async om._fetchAndApplyPrice (https://www.hetzner.com/_resources/themes/static/dist/vendors.js?m=1782211071:7:536064) @ https://www.hetzner.com/_resources/themes/static/dist/vendors.js?m=1782211071:6
[     546ms] [WARNING] [ho-price] Failed to fetch price: TypeError: Failed to fetch
    at e9 (https://www.hetzner.com/_resources/themes/static/dist/vendors.js?m=1782211071:7:533398)
    at ot (https://www.hetzner.com/_resources/themes/static/dist/vendors.js?m=1782211071:7:533722)
    at on (https://www.hetzner.com/_resources/themes/static/dist/vendors.js?m=1782211071:7:534204)
    at async om._resolveViewPrice (https://www.hetzner.com/_resources/themes/static/dist/vendors.js?m=1782211071:7:536476)
    at async om._fetchAndApplyPrice (https://www.hetzner.com/_resources/themes/static/dist/vendors.js?m=1782211071:7:536064) @ https://www.hetzner.com/_resources/themes/static/dist/vendors.js?m=1782211071:6
[     546ms] [WARNING] [ho-price] Failed to fetch price: TypeError: Failed to fetch
    at e9 (https://www.hetzner.com/_resources/themes/static/dist/vendors.js?m=1782211071:7:533398)
    at ot (https://www.hetzner.com/_resources/themes/static/dist/vendors.js?m=1782211071:7:533722)
    at on (https://www.hetzner.com/_resources/themes/static/dist/vendors.js?m=1782211071:7:534204)
    at async om._resolveViewPrice (https://www.hetzner.com/_resources/themes/static/dist/vendors.js?m=1782211071:7:536476)
    at async om._fetchAndApplyPrice (https://www.hetzner.com/_resources/themes/static/dist/vendors.js?m=1782211071:7:536064) @ https://www.hetzner.com/_resources/themes/static/dist/vendors.js?m=1782211071:6
[     546ms] [WARNING] [ho-price] Failed to fetch price: TypeError: Failed to fetch
    at e9 (https://www.hetzner.com/_resources/themes/static/dist/vendors.js?m=1782211071:7:533398)
    at ot (https://www.hetzner.com/_resources/themes/static/dist/vendors.js?m=1782211071:7:533722)
    at on (https://www.hetzner.com/_resources/themes/static/dist/vendors.js?m=1782211071:7:534204)
    at async om._resolveViewPrice (https://www.hetzner.com/_resources/themes/static/dist/vendors.js?m=1782211071:7:536476)
    at async om._fetchAndApplyPrice (https://www.hetzner.com/_resources/themes/static/dist/vendors.js?m=1782211071:7:536064) @ https://www.hetzner.com/_resources/themes/static/dist/vendors.js?m=1782211071:6
[     546ms] [WARNING] [ho-price] Failed to fetch price: TypeError: Failed to fetch
    at e9 (https://www.hetzner.com/_resources/themes/static/dist/vendors.js?m=1782211071:7:533398)
    at ot (https://www.hetzner.com/_resources/themes/static/dist/vendors.js?m=1782211071:7:533722)
    at on (https://www.hetzner.com/_resources/themes/static/dist/vendors.js?m=1782211071:7:534204)
    at async om._resolveViewPrice (https://www.hetzner.com/_resources/themes/static/dist/vendors.js?m=1782211071:7:536476)
    at async om._fetchAndApplyPrice (https://www.hetzner.com/_resources/themes/static/dist/vendors.js?m=1782211071:7:536064) @ https://www.hetzner.com/_resources/themes/static/dist/vendors.js?m=1782211071:6
[     546ms] [WARNING] [ho-price] Failed to fetch price: TypeError: Failed to fetch
    at e9 (https://www.hetzner.com/_resources/themes/static/dist/vendors.js?m=1782211071:7:533398)
    at ot (https://www.hetzner.com/_resources/themes/static/dist/vendors.js?m=1782211071:7:533722)
    at on (https://www.hetzner.com/_resources/themes/static/dist/vendors.js?m=1782211071:7:534204)
    at async om._resolveViewPrice (https://www.hetzner.com/_resources/themes/static/dist/vendors.js?m=1782211071:7:536476)
    at async om._fetchAndApplyPrice (https://www.hetzner.com/_resources/themes/static/dist/vendors.js?m=1782211071:7:536064) @ https://www.hetzner.com/_resources/themes/static/dist/vendors.js?m=1782211071:6
[     546ms] [WARNING] [ho-price] Failed to fetch price: TypeError: Failed to fetch
    at e9 (https://www.hetzner.com/_resources/themes/static/dist/vendors.js?m=1782211071:7:533398)
    at ot (https://www.hetzner.com/_resources/themes/static/dist/vendors.js?m=1782211071:7:533722)
    at on (https://www.hetzner.com/_resources/themes/static/dist/vendors.js?m=1782211071:7:534204)
    at async om._resolveViewPrice (https://www.hetzner.com/_resources/themes/static/dist/vendors.js?m=1782211071:7:536476)
    at async om._fetchAndApplyPrice (https://www.hetzner.com/_resources/themes/static/dist/vendors.js?m=1782211071:7:536064) @ https://www.hetzner.com/_resources/themes/static/dist/vendors.js?m=1782211071:6
[     546ms] [WARNING] [ho-price] Failed to fetch price: TypeError: Failed to fetch
    at e9 (https://www.hetzner.com/_resources/themes/static/dist/vendors.js?m=1782211071:7:533398)
    at ot (https://www.hetzner.com/_resources/themes/static/dist/vendors.js?m=1782211071:7:533722)
    at on (https://www.hetzner.com/_resources/themes/static/dist/vendors.js?m=1782211071:7:534204)
    at async om._resolveViewPrice (https://www.hetzner.com/_resources/themes/static/dist/vendors.js?m=1782211071:7:536476)
    at async om._fetchAndApplyPrice (https://www.hetzner.com/_resources/themes/static/dist/vendors.js?m=1782211071:7:536064) @ https://www.hetzner.com/_resources/themes/static/dist/vendors.js?m=1782211071:6
[     546ms] [WARNING] [ho-price] Failed to fetch price: TypeError: Failed to fetch
    at e9 (https://www.hetzner.com/_resources/themes/static/dist/vendors.js?m=1782211071:7:533398)
    at ot (https://www.hetzner.com/_resources/themes/static/dist/vendors.js?m=1782211071:7:533722)
    at on (https://www.hetzner.com/_resources/themes/static/dist/vendors.js?m=1782211071:7:534204)
    at async om._resolveViewPrice (https://www.hetzner.com/_resources/themes/static/dist/vendors.js?m=1782211071:7:536476)
    at async om._fetchAndApplyPrice (https://www.hetzner.com/_resources/themes/static/dist/vendors.js?m=1782211071:7:536064) @ https://www.hetzner.com/_resources/themes/static/dist/vendors.js?m=1782211071:6
[     546ms] [WARNING] [ho-price] Failed to fetch price: TypeError: Failed to fetch
    at e9 (https://www.hetzner.com/_resources/themes/static/dist/vendors.js?m=1782211071:7:533398)
    at ot (https://www.hetzner.com/_resources/themes/static/dist/vendors.js?m=1782211071:7:533722)
    at on (https://www.hetzner.com/_resources/themes/static/dist/vendors.js?m=1782211071:7:534204)
    at async om._resolveViewPrice (https://www.hetzner.com/_resources/themes/static/dist/vendors.js?m=1782211071:7:536476)
    at async om._fetchAndApplyPrice (https://www.hetzner.com/_resources/themes/static/dist/vendors.js?m=1782211071:7:536064) @ https://www.hetzner.com/_resources/themes/static/dist/vendors.js?m=1782211071:6
[     546ms] [WARNING] [ho-price] Failed to fetch price: TypeError: Failed to fetch
    at e9 (https://www.hetzner.com/_resources/themes/static/dist/vendors.js?m=1782211071:7:533398)
    at ot (https://www.hetzner.com/_resources/themes/static/dist/vendors.js?m=1782211071:7:533722)
    at on (https://www.hetzner.com/_resources/themes/static/dist/vendors.js?m=1782211071:7:534204)
    at async om._resolveViewPrice (https://www.hetzner.com/_resources/themes/static/dist/vendors.js?m=1782211071:7:536476)
    at async om._fetchAndApplyPrice (https://www.hetzner.com/_resources/themes/static/dist/vendors.js?m=1782211071:7:536064) @ https://www.hetzner.com/_resources/themes/static/dist/vendors.js?m=1782211071:6
[     547ms] [WARNING] [ho-price] Failed to fetch price: TypeError: Failed to fetch
    at e9 (https://www.hetzner.com/_resources/themes/static/dist/vendors.js?m=1782211071:7:533398)
    at ot (https://www.hetzner.com/_resources/themes/static/dist/vendors.js?m=1782211071:7:533722)
    at on (https://www.hetzner.com/_resources/themes/static/dist/vendors.js?m=1782211071:7:534204)
    at async om._resolveViewPrice (https://www.hetzner.com/_resources/themes/static/dist/vendors.js?m=1782211071:7:536476)
    at async om._fetchAndApplyPrice (https://www.hetzner.com/_resources/themes/static/dist/vendors.js?m=1782211071:7:536064) @ https://www.hetzner.com/_resources/themes/static/dist/vendors.js?m=1782211071:6
[     547ms] [WARNING] [ho-price] Failed to fetch price: TypeError: Failed to fetch
    at e9 (https://www.hetzner.com/_resources/themes/static/dist/vendors.js?m=1782211071:7:533398)
    at ot (https://www.hetzner.com/_resources/themes/static/dist/vendors.js?m=1782211071:7:533722)
    at on (https://www.hetzner.com/_resources/themes/static/dist/vendors.js?m=1782211071:7:534204)
    at async om._resolveViewPrice (https://www.hetzner.com/_resources/themes/static/dist/vendors.js?m=1782211071:7:536476)
    at async om._fetchAndApplyPrice (https://www.hetzner.com/_resources/themes/static/dist/vendors.js?m=1782211071:7:536064) @ https://www.hetzner.com/_resources/themes/static/dist/vendors.js?m=1782211071:6
[     547ms] [WARNING] [ho-price] Failed to fetch price: TypeError: Failed to fetch
    at e9 (https://www.hetzner.com/_resources/themes/static/dist/vendors.js?m=1782211071:7:533398)
    at ot (https://www.hetzner.com/_resources/themes/static/dist/vendors.js?m=1782211071:7:533722)
    at on (https://www.hetzner.com/_resources/themes/static/dist/vendors.js?m=1782211071:7:534204)
    at async om._resolveViewPrice (https://www.hetzner.com/_resources/themes/static/dist/vendors.js?m=1782211071:7:536476)
    at async om._fetchAndApplyPrice (https://www.hetzner.com/_resources/themes/static/dist/vendors.js?m=1782211071:7:536064) @ https://www.hetzner.com/_resources/themes/static/dist/vendors.js?m=1782211071:6
[     547ms] [WARNING] [ho-price] Failed to fetch price: TypeError: Failed to fetch
    at e9 (https://www.hetzner.com/_resources/themes/static/dist/vendors.js?m=1782211071:7:533398)
    at ot (https://www.hetzner.com/_resources/themes/static/dist/vendors.js?m=1782211071:7:533722)
    at on (https://www.hetzner.com/_resources/themes/static/dist/vendors.js?m=1782211071:7:534204)
    at async om._resolveViewPrice (https://www.hetzner.com/_resources/themes/static/dist/vendors.js?m=1782211071:7:536476)
    at async om._fetchAndApplyPrice (https://www.hetzner.com/_resources/themes/static/dist/vendors.js?m=1782211071:7:536064) @ https://www.hetzner.com/_resources/themes/static/dist/vendors.js?m=1782211071:6
[     547ms] [WARNING] [ho-price] Failed to fetch price: TypeError: Failed to fetch
    at e9 (https://www.hetzner.com/_resources/themes/static/dist/vendors.js?m=1782211071:7:533398)
    at ot (https://www.hetzner.com/_resources/themes/static/dist/vendors.js?m=1782211071:7:533722)
    at on (https://www.hetzner.com/_resources/themes/static/dist/vendors.js?m=1782211071:7:534204)
    at async om._resolveViewPrice (https://www.hetzner.com/_resources/themes/static/dist/vendors.js?m=1782211071:7:536476)
    at async om._fetchAndApplyPrice (https://www.hetzner.com/_resources/themes/static/dist/vendors.js?m=1782211071:7:536064) @ https://www.hetzner.com/_resources/themes/static/dist/vendors.js?m=1782211071:6
[     547ms] [WARNING] [ho-price] Failed to fetch price: TypeError: Failed to fetch
    at e9 (https://www.hetzner.com/_resources/themes/static/dist/vendors.js?m=1782211071:7:533398)
    at ot (https://www.hetzner.com/_resources/themes/static/dist/vendors.js?m=1782211071:7:533722)
    at on (https://www.hetzner.com/_resources/themes/static/dist/vendors.js?m=1782211071:7:534204)
    at async om._resolveViewPrice (https://www.hetzner.com/_resources/themes/static/dist/vendors.js?m=1782211071:7:536476)
    at async om._fetchAndApplyPrice (https://www.hetzner.com/_resources/themes/static/dist/vendors.js?m=1782211071:7:536064) @ https://www.hetzner.com/_resources/themes/static/dist/vendors.js?m=1782211071:6
[     547ms] [WARNING] [ho-price] Failed to fetch price: TypeError: Failed to fetch
    at e9 (https://www.hetzner.com/_resources/themes/static/dist/vendors.js?m=1782211071:7:533398)
    at ot (https://www.hetzner.com/_resources/themes/static/dist/vendors.js?m=1782211071:7:533722)
    at on (https://www.hetzner.com/_resources/themes/static/dist/vendors.js?m=1782211071:7:534204)
    at async om._resolveViewPrice (https://www.hetzner.com/_resources/themes/static/dist/vendors.js?m=1782211071:7:536476)
    at async om._fetchAndApplyPrice (https://www.hetzner.com/_resources/themes/static/dist/vendors.js?m=1782211071:7:536064) @ https://www.hetzner.com/_resources/themes/static/dist/vendors.js?m=1782211071:6
[     547ms] [WARNING] [ho-price] Failed to fetch price: TypeError: Failed to fetch
    at e9 (https://www.hetzner.com/_resources/themes/static/dist/vendors.js?m=1782211071:7:533398)
    at ot (https://www.hetzner.com/_resources/themes/static/dist/vendors.js?m=1782211071:7:533722)
    at on (https://www.hetzner.com/_resources/themes/static/dist/vendors.js?m=1782211071:7:534204)
    at async om._resolveViewPrice (https://www.hetzner.com/_resources/themes/static/dist/vendors.js?m=1782211071:7:536476)
    at async om._fetchAndApplyPrice (https://www.hetzner.com/_resources/themes/static/dist/vendors.js?m=1782211071:7:536064) @ https://www.hetzner.com/_resources/themes/static/dist/vendors.js?m=1782211071:6
[     547ms] [WARNING] [ho-price] Failed to fetch price: TypeError: Failed to fetch
    at e9 (https://www.hetzner.com/_resources/themes/static/dist/vendors.js?m=1782211071:7:533398)
    at ot (https://www.hetzner.com/_resources/themes/static/dist/vendors.js?m=1782211071:7:533722)
    at on (https://www.hetzner.com/_resources/themes/static/dist/vendors.js?m=1782211071:7:534204)
    at async om._resolveViewPrice (https://www.hetzner.com/_resources/themes/static/dist/vendors.js?m=1782211071:7:536476)
    at async om._fetchAndApplyPrice (https://www.hetzner.com/_resources/themes/static/dist/vendors.js?m=1782211071:7:536064) @ https://www.hetzner.com/_resources/themes/static/dist/vendors.js?m=1782211071:6
[     547ms] [WARNING] [ho-price] Failed to fetch price: TypeError: Failed to fetch
    at e9 (https://www.hetzner.com/_resources/themes/static/dist/vendors.js?m=1782211071:7:533398)
    at ot (https://www.hetzner.com/_resources/themes/static/dist/vendors.js?m=1782211071:7:533722)
    at on (https://www.hetzner.com/_resources/themes/static/dist/vendors.js?m=1782211071:7:534204)
    at async om._resolveViewPrice (https://www.hetzner.com/_resources/themes/static/dist/vendors.js?m=1782211071:7:536476)
    at async om._fetchAndApplyPrice (https://www.hetzner.com/_resources/themes/static/dist/vendors.js?m=1782211071:7:536064) @ https://www.hetzner.com/_resources/themes/static/dist/vendors.js?m=1782211071:6
[     547ms] [WARNING] [ho-price] Failed to fetch price: TypeError: Failed to fetch
    at e9 (https://www.hetzner.com/_resources/themes/static/dist/vendors.js?m=1782211071:7:533398)
    at ot (https://www.hetzner.com/_resources/themes/static/dist/vendors.js?m=1782211071:7:533722)
    at on (https://www.hetzner.com/_resources/themes/static/dist/vendors.js?m=1782211071:7:534204)
    at async om._resolveViewPrice (https://www.hetzner.com/_resources/themes/static/dist/vendors.js?m=1782211071:7:536476)
    at async om._fetchAndApplyPrice (https://www.hetzner.com/_resources/themes/static/dist/vendors.js?m=1782211071:7:536064) @ https://www.hetzner.com/_resources/themes/static/dist/vendors.js?m=1782211071:6
[     547ms] [WARNING] [ho-price] Failed to fetch price: TypeError: Failed to fetch
    at e9 (https://www.hetzner.com/_resources/themes/static/dist/vendors.js?m=1782211071:7:533398)
    at ot (https://www.hetzner.com/_resources/themes/static/dist/vendors.js?m=1782211071:7:533722)
    at on (https://www.hetzner.com/_resources/themes/static/dist/vendors.js?m=1782211071:7:534204)
    at async om._resolveViewPrice (https://www.hetzner.com/_resources/themes/static/dist/vendors.js?m=1782211071:7:536476)
    at async om._fetchAndApplyPrice (https://www.hetzner.com/_resources/themes/static/dist/vendors.js?m=1782211071:7:536064) @ https://www.hetzner.com/_resources/themes/static/dist/vendors.js?m=1782211071:6
[     547ms] [WARNING] [ho-price] Failed to fetch price: TypeError: Failed to fetch
    at e9 (https://www.hetzner.com/_resources/themes/static/dist/vendors.js?m=1782211071:7:533398)
    at ot (https://www.hetzner.com/_resources/themes/static/dist/vendors.js?m=1782211071:7:533722)
    at on (https://www.hetzner.com/_resources/themes/static/dist/vendors.js?m=1782211071:7:534204)
    at async om._resolveViewPrice (https://www.hetzner.com/_resources/themes/static/dist/vendors.js?m=1782211071:7:536476)
    at async om._fetchAndApplyPrice (https://www.hetzner.com/_resources/themes/static/dist/vendors.js?m=1782211071:7:536064) @ https://www.hetzner.com/_resources/themes/static/dist/vendors.js?m=1782211071:6
[     548ms] [WARNING] [ho-price] Failed to fetch price: TypeError: Failed to fetch
    at e9 (https://www.hetzner.com/_resources/themes/static/dist/vendors.js?m=1782211071:7:533398)
    at ot (https://www.hetzner.com/_resources/themes/static/dist/vendors.js?m=1782211071:7:533722)
    at on (https://www.hetzner.com/_resources/themes/static/dist/vendors.js?m=1782211071:7:534204)
    at async om._resolveViewPrice (https://www.hetzner.com/_resources/themes/static/dist/vendors.js?m=1782211071:7:536476)
    at async om._fetchAndApplyPrice (https://www.hetzner.com/_resources/themes/static/dist/vendors.js?m=1782211071:7:536064) @ https://www.hetzner.com/_resources/themes/static/dist/vendors.js?m=1782211071:6
[     548ms] [WARNING] [ho-price] Failed to fetch price: TypeError: Failed to fetch
    at e9 (https://www.hetzner.com/_resources/themes/static/dist/vendors.js?m=1782211071:7:533398)
    at ot (https://www.hetzner.com/_resources/themes/static/dist/vendors.js?m=1782211071:7:533722)
    at on (https://www.hetzner.com/_resources/themes/static/dist/vendors.js?m=1782211071:7:534204)
    at async om._resolveViewPrice (https://www.hetzner.com/_resources/themes/static/dist/vendors.js?m=1782211071:7:536476)
    at async om._fetchAndApplyPrice (https://www.hetzner.com/_resources/themes/static/dist/vendors.js?m=1782211071:7:536064) @ https://www.hetzner.com/_resources/themes/static/dist/vendors.js?m=1782211071:6
[     548ms] [WARNING] [ho-price] Failed to fetch price: TypeError: Failed to fetch
    at e9 (https://www.hetzner.com/_resources/themes/static/dist/vendors.js?m=1782211071:7:533398)
    at ot (https://www.hetzner.com/_resources/themes/static/dist/vendors.js?m=1782211071:7:533722)
    at on (https://www.hetzner.com/_resources/themes/static/dist/vendors.js?m=1782211071:7:534204)
    at async om._resolveViewPrice (https://www.hetzner.com/_resources/themes/static/dist/vendors.js?m=1782211071:7:536476)
    at async om._fetchAndApplyPrice (https://www.hetzner.com/_resources/themes/static/dist/vendors.js?m=1782211071:7:536064) @ https://www.hetzner.com/_resources/themes/static/dist/vendors.js?m=1782211071:6
[     548ms] [WARNING] [ho-price] Failed to fetch price: TypeError: Failed to fetch
    at e9 (https://www.hetzner.com/_resources/themes/static/dist/vendors.js?m=1782211071:7:533398)
    at ot (https://www.hetzner.com/_resources/themes/static/dist/vendors.js?m=1782211071:7:533722)
    at on (https://www.hetzner.com/_resources/themes/static/dist/vendors.js?m=1782211071:7:534204)
    at async om._resolveViewPrice (https://www.hetzner.com/_resources/themes/static/dist/vendors.js?m=1782211071:7:536476)
    at async om._fetchAndApplyPrice (https://www.hetzner.com/_resources/themes/static/dist/vendors.js?m=1782211071:7:536064) @ https://www.hetzner.com/_resources/themes/static/dist/vendors.js?m=1782211071:6
[     548ms] [WARNING] [ho-price] Failed to fetch price: TypeError: Failed to fetch
    at e9 (https://www.hetzner.com/_resources/themes/static/dist/vendors.js?m=1782211071:7:533398)
    at ot (https://www.hetzner.com/_resources/themes/static/dist/vendors.js?m=1782211071:7:533722)
    at on (https://www.hetzner.com/_resources/themes/static/dist/vendors.js?m=1782211071:7:534204)
    at async om._resolveViewPrice (https://www.hetzner.com/_resources/themes/static/dist/vendors.js?m=1782211071:7:536476)
    at async om._fetchAndApplyPrice (https://www.hetzner.com/_resources/themes/static/dist/vendors.js?m=1782211071:7:536064) @ https://www.hetzner.com/_resources/themes/static/dist/vendors.js?m=1782211071:6
[     548ms] [WARNING] [ho-price] Failed to fetch price: TypeError: Failed to fetch
    at e9 (https://www.hetzner.com/_resources/themes/static/dist/vendors.js?m=1782211071:7:533398)
    at ot (https://www.hetzner.com/_resources/themes/static/dist/vendors.js?m=1782211071:7:533722)
    at on (https://www.hetzner.com/_resources/themes/static/dist/vendors.js?m=1782211071:7:534204)
    at async om._resolveViewPrice (https://www.hetzner.com/_resources/themes/static/dist/vendors.js?m=1782211071:7:536476)
    at async om._fetchAndApplyPrice (https://www.hetzner.com/_resources/themes/static/dist/vendors.js?m=1782211071:7:536064) @ https://www.hetzner.com/_resources/themes/static/dist/vendors.js?m=1782211071:6
[     548ms] [WARNING] [ho-price] Failed to fetch price: TypeError: Failed to fetch
    at e9 (https://www.hetzner.com/_resources/themes/static/dist/vendors.js?m=1782211071:7:533398)
    at ot (https://www.hetzner.com/_resources/themes/static/dist/vendors.js?m=1782211071:7:533722)
    at on (https://www.hetzner.com/_resources/themes/static/dist/vendors.js?m=1782211071:7:534204)
    at async om._resolveViewPrice (https://www.hetzner.com/_resources/themes/static/dist/vendors.js?m=1782211071:7:536476)
    at async om._fetchAndApplyPrice (https://www.hetzner.com/_resources/themes/static/dist/vendors.js?m=1782211071:7:536064) @ https://www.hetzner.com/_resources/themes/static/dist/vendors.js?m=1782211071:6
[     548ms] [WARNING] [ho-price] Failed to fetch price: TypeError: Failed to fetch
    at e9 (https://www.hetzner.com/_resources/themes/static/dist/vendors.js?m=1782211071:7:533398)
    at ot (https://www.hetzner.com/_resources/themes/static/dist/vendors.js?m=1782211071:7:533722)
    at on (https://www.hetzner.com/_resources/themes/static/dist/vendors.js?m=1782211071:7:534204)
    at async om._resolveViewPrice (https://www.hetzner.com/_resources/themes/static/dist/vendors.js?m=1782211071:7:536476)
    at async om._fetchAndApplyPrice (https://www.hetzner.com/_resources/themes/static/dist/vendors.js?m=1782211071:7:536064) @ https://www.hetzner.com/_resources/themes/static/dist/vendors.js?m=1782211071:6
[     548ms] [WARNING] [ho-price] Failed to fetch price: TypeError: Failed to fetch
    at e9 (https://www.hetzner.com/_resources/themes/static/dist/vendors.js?m=1782211071:7:533398)
    at ot (https://www.hetzner.com/_resources/themes/static/dist/vendors.js?m=1782211071:7:533722)
    at on (https://www.hetzner.com/_resources/themes/static/dist/vendors.js?m=1782211071:7:534204)
    at async om._resolveViewPrice (https://www.hetzner.com/_resources/themes/static/dist/vendors.js?m=1782211071:7:536476)
    at async om._fetchAndApplyPrice (https://www.hetzner.com/_resources/themes/static/dist/vendors.js?m=1782211071:7:536064) @ https://www.hetzner.com/_resources/themes/static/dist/vendors.js?m=1782211071:6
[     548ms] [WARNING] [ho-price] Failed to fetch price: TypeError: Failed to fetch
    at e9 (https://www.hetzner.com/_resources/themes/static/dist/vendors.js?m=1782211071:7:533398)
    at ot (https://www.hetzner.com/_resources/themes/static/dist/vendors.js?m=1782211071:7:533722)
    at on (https://www.hetzner.com/_resources/themes/static/dist/vendors.js?m=1782211071:7:534204)
    at async om._resolveViewPrice (https://www.hetzner.com/_resources/themes/static/dist/vendors.js?m=1782211071:7:536476)
    at async om._fetchAndApplyPrice (https://www.hetzner.com/_resources/themes/static/dist/vendors.js?m=1782211071:7:536064) @ https://www.hetzner.com/_resources/themes/static/dist/vendors.js?m=1782211071:6
[     548ms] [WARNING] [ho-price] Failed to fetch price: TypeError: Failed to fetch
    at e9 (https://www.hetzner.com/_resources/themes/static/dist/vendors.js?m=1782211071:7:533398)
    at ot (https://www.hetzner.com/_resources/themes/static/dist/vendors.js?m=1782211071:7:533722)
    at on (https://www.hetzner.com/_resources/themes/static/dist/vendors.js?m=1782211071:7:534204)
    at async om._resolveViewPrice (https://www.hetzner.com/_resources/themes/static/dist/vendors.js?m=1782211071:7:536476)
    at async om._fetchAndApplyPrice (https://www.hetzner.com/_resources/themes/static/dist/vendors.js?m=1782211071:7:536064) @ https://www.hetzner.com/_resources/themes/static/dist/vendors.js?m=1782211071:6
[     548ms] [WARNING] [ho-price] Failed to fetch price: TypeError: Failed to fetch
    at e9 (https://www.hetzner.com/_resources/themes/static/dist/vendors.js?m=1782211071:7:533398)
    at ot (https://www.hetzner.com/_resources/themes/static/dist/vendors.js?m=1782211071:7:533722)
    at on (https://www.hetzner.com/_resources/themes/static/dist/vendors.js?m=1782211071:7:534204)
    at async om._resolveViewPrice (https://www.hetzner.com/_resources/themes/static/dist/vendors.js?m=1782211071:7:536476)
    at async om._fetchAndApplyPrice (https://www.hetzner.com/_resources/themes/static/dist/vendors.js?m=1782211071:7:536064) @ https://www.hetzner.com/_resources/themes/static/dist/vendors.js?m=1782211071:6
[     549ms] [WARNING] [ho-price] Failed to fetch price: TypeError: Failed to fetch
    at e9 (https://www.hetzner.com/_resources/themes/static/dist/vendors.js?m=1782211071:7:533398)
    at ot (https://www.hetzner.com/_resources/themes/static/dist/vendors.js?m=1782211071:7:533722)
    at on (https://www.hetzner.com/_resources/themes/static/dist/vendors.js?m=1782211071:7:534204)
    at async om._resolveViewPrice (https://www.hetzner.com/_resources/themes/static/dist/vendors.js?m=1782211071:7:536476)
    at async om._fetchAndApplyPrice (https://www.hetzner.com/_resources/themes/static/dist/vendors.js?m=1782211071:7:536064) @ https://www.hetzner.com/_resources/themes/static/dist/vendors.js?m=1782211071:6
[     549ms] [WARNING] [ho-price] Failed to fetch price: TypeError: Failed to fetch
    at e9 (https://www.hetzner.com/_resources/themes/static/dist/vendors.js?m=1782211071:7:533398)
    at ot (https://www.hetzner.com/_resources/themes/static/dist/vendors.js?m=1782211071:7:533722)
    at on (https://www.hetzner.com/_resources/themes/static/dist/vendors.js?m=1782211071:7:534204)
    at async om._resolveViewPrice (https://www.hetzner.com/_resources/themes/static/dist/vendors.js?m=1782211071:7:536476)
    at async om._fetchAndApplyPrice (https://www.hetzner.com/_resources/themes/static/dist/vendors.js?m=1782211071:7:536064) @ https://www.hetzner.com/_resources/themes/static/dist/vendors.js?m=1782211071:6
[     549ms] [WARNING] [ho-price] Failed to fetch price: TypeError: Failed to fetch
    at e9 (https://www.hetzner.com/_resources/themes/static/dist/vendors.js?m=1782211071:7:533398)
    at ot (https://www.hetzner.com/_resources/themes/static/dist/vendors.js?m=1782211071:7:533722)
    at on (https://www.hetzner.com/_resources/themes/static/dist/vendors.js?m=1782211071:7:534204)
    at async om._resolveViewPrice (https://www.hetzner.com/_resources/themes/static/dist/vendors.js?m=1782211071:7:536476)
    at async om._fetchAndApplyPrice (https://www.hetzner.com/_resources/themes/static/dist/vendors.js?m=1782211071:7:536064) @ https://www.hetzner.com/_resources/themes/static/dist/vendors.js?m=1782211071:6
[     549ms] [WARNING] [ho-price] Failed to fetch price: TypeError: Failed to fetch
    at e9 (https://www.hetzner.com/_resources/themes/static/dist/vendors.js?m=1782211071:7:533398)
    at ot (https://www.hetzner.com/_resources/themes/static/dist/vendors.js?m=1782211071:7:533722)
    at on (https://www.hetzner.com/_resources/themes/static/dist/vendors.js?m=1782211071:7:534204)
    at async om._resolveViewPrice (https://www.hetzner.com/_resources/themes/static/dist/vendors.js?m=1782211071:7:536476)
    at async om._fetchAndApplyPrice (https://www.hetzner.com/_resources/themes/static/dist/vendors.js?m=1782211071:7:536064) @ https://www.hetzner.com/_resources/themes/static/dist/vendors.js?m=1782211071:6
[     549ms] [WARNING] [ho-price] Failed to fetch price: TypeError: Failed to fetch
    at e9 (https://www.hetzner.com/_resources/themes/static/dist/vendors.js?m=1782211071:7:533398)
    at ot (https://www.hetzner.com/_resources/themes/static/dist/vendors.js?m=1782211071:7:533722)
    at on (https://www.hetzner.com/_resources/themes/static/dist/vendors.js?m=1782211071:7:534204)
    at async om._resolveViewPrice (https://www.hetzner.com/_resources/themes/static/dist/vendors.js?m=1782211071:7:536476)
    at async om._fetchAndApplyPrice (https://www.hetzner.com/_resources/themes/static/dist/vendors.js?m=1782211071:7:536064) @ https://www.hetzner.com/_resources/themes/static/dist/vendors.js?m=1782211071:6
[     549ms] [WARNING] [ho-price] Failed to fetch price: TypeError: Failed to fetch
    at e9 (https://www.hetzner.com/_resources/themes/static/dist/vendors.js?m=1782211071:7:533398)
    at ot (https://www.hetzner.com/_resources/themes/static/dist/vendors.js?m=1782211071:7:533722)
    at on (https://www.hetzner.com/_resources/themes/static/dist/vendors.js?m=1782211071:7:534204)
    at async om._resolveViewPrice (https://www.hetzner.com/_resources/themes/static/dist/vendors.js?m=1782211071:7:536476)
    at async om._fetchAndApplyPrice (https://www.hetzner.com/_resources/themes/static/dist/vendors.js?m=1782211071:7:536064) @ https://www.hetzner.com/_resources/themes/static/dist/vendors.js?m=1782211071:6
[     549ms] [WARNING] [ho-price] Failed to fetch price: TypeError: Failed to fetch
    at e9 (https://www.hetzner.com/_resources/themes/static/dist/vendors.js?m=1782211071:7:533398)
    at ot (https://www.hetzner.com/_resources/themes/static/dist/vendors.js?m=1782211071:7:533722)
    at on (https://www.hetzner.com/_resources/themes/static/dist/vendors.js?m=1782211071:7:534204)
    at async om._resolveViewPrice (https://www.hetzner.com/_resources/themes/static/dist/vendors.js?m=1782211071:7:536476)
    at async om._fetchAndApplyPrice (https://www.hetzner.com/_resources/themes/static/dist/vendors.js?m=1782211071:7:536064) @ https://www.hetzner.com/_resources/themes/static/dist/vendors.js?m=1782211071:6
[     549ms] [WARNING] [ho-price] Failed to fetch price: TypeError: Failed to fetch
    at e9 (https://www.hetzner.com/_resources/themes/static/dist/vendors.js?m=1782211071:7:533398)
    at ot (https://www.hetzner.com/_resources/themes/static/dist/vendors.js?m=1782211071:7:533722)
    at on (https://www.hetzner.com/_resources/themes/static/dist/vendors.js?m=1782211071:7:534204)
    at async om._resolveViewPrice (https://www.hetzner.com/_resources/themes/static/dist/vendors.js?m=1782211071:7:536476)
    at async om._fetchAndApplyPrice (https://www.hetzner.com/_resources/themes/static/dist/vendors.js?m=1782211071:7:536064) @ https://www.hetzner.com/_resources/themes/static/dist/vendors.js?m=1782211071:6
[     549ms] [WARNING] [ho-price] Failed to fetch price: TypeError: Failed to fetch
    at e9 (https://www.hetzner.com/_resources/themes/static/dist/vendors.js?m=1782211071:7:533398)
    at ot (https://www.hetzner.com/_resources/themes/static/dist/vendors.js?m=1782211071:7:533722)
    at on (https://www.hetzner.com/_resources/themes/static/dist/vendors.js?m=1782211071:7:534204)
    at async om._resolveViewPrice (https://www.hetzner.com/_resources/themes/static/dist/vendors.js?m=1782211071:7:536476)
    at async om._fetchAndApplyPrice (https://www.hetzner.com/_resources/themes/static/dist/vendors.js?m=1782211071:7:536064) @ https://www.hetzner.com/_resources/themes/static/dist/vendors.js?m=1782211071:6
[     549ms] [WARNING] [ho-price] Failed to fetch price: TypeError: Failed to fetch
    at e9 (https://www.hetzner.com/_resources/themes/static/dist/vendors.js?m=1782211071:7:533398)
    at ot (https://www.hetzner.com/_resources/themes/static/dist/vendors.js?m=1782211071:7:533722)
    at on (https://www.hetzner.com/_resources/themes/static/dist/vendors.js?m=1782211071:7:534204)
    at async om._resolveViewPrice (https://www.hetzner.com/_resources/themes/static/dist/vendors.js?m=1782211071:7:536476)
    at async om._fetchAndApplyPrice (https://www.hetzner.com/_resources/themes/static/dist/vendors.js?m=1782211071:7:536064) @ https://www.hetzner.com/_resources/themes/static/dist/vendors.js?m=1782211071:6
[     549ms] [WARNING] [ho-price] Failed to fetch price: TypeError: Failed to fetch
    at e9 (https://www.hetzner.com/_resources/themes/static/dist/vendors.js?m=1782211071:7:533398)
    at ot (https://www.hetzner.com/_resources/themes/static/dist/vendors.js?m=1782211071:7:533722)
    at on (https://www.hetzner.com/_resources/themes/static/dist/vendors.js?m=1782211071:7:534204)
    at async om._resolveViewPrice (https://www.hetzner.com/_resources/themes/static/dist/vendors.js?m=1782211071:7:536476)
    at async om._fetchAndApplyPrice (https://www.hetzner.com/_resources/themes/static/dist/vendors.js?m=1782211071:7:536064) @ https://www.hetzner.com/_resources/themes/static/dist/vendors.js?m=1782211071:6
[     549ms] [WARNING] [ho-price] Failed to fetch price: TypeError: Failed to fetch
    at e9 (https://www.hetzner.com/_resources/themes/static/dist/vendors.js?m=1782211071:7:533398)
    at ot (https://www.hetzner.com/_resources/themes/static/dist/vendors.js?m=1782211071:7:533722)
    at on (https://www.hetzner.com/_resources/themes/static/dist/vendors.js?m=1782211071:7:534204)
    at async om._resolveViewPrice (https://www.hetzner.com/_resources/themes/static/dist/vendors.js?m=1782211071:7:536476)
    at async om._fetchAndApplyPrice (https://www.hetzner.com/_resources/themes/static/dist/vendors.js?m=1782211071:7:536064) @ https://www.hetzner.com/_resources/themes/static/dist/vendors.js?m=1782211071:6
[     550ms] [WARNING] [ho-price] Failed to fetch price: TypeError: Failed to fetch
    at e9 (https://www.hetzner.com/_resources/themes/static/dist/vendors.js?m=1782211071:7:533398)
    at ot (https://www.hetzner.com/_resources/themes/static/dist/vendors.js?m=1782211071:7:533722)
    at on (https://www.hetzner.com/_resources/themes/static/dist/vendors.js?m=1782211071:7:534204)
    at async om._resolveViewPrice (https://www.hetzner.com/_resources/themes/static/dist/vendors.js?m=1782211071:7:536476)
    at async om._fetchAndApplyPrice (https://www.hetzner.com/_resources/themes/static/dist/vendors.js?m=1782211071:7:536064) @ https://www.hetzner.com/_resources/themes/static/dist/vendors.js?m=1782211071:6
[     550ms] [WARNING] [ho-price] Failed to fetch price: TypeError: Failed to fetch
    at e9 (https://www.hetzner.com/_resources/themes/static/dist/vendors.js?m=1782211071:7:533398)
    at ot (https://www.hetzner.com/_resources/themes/static/dist/vendors.js?m=1782211071:7:533722)
    at on (https://www.hetzner.com/_resources/themes/static/dist/vendors.js?m=1782211071:7:534204)
    at async om._resolveViewPrice (https://www.hetzner.com/_resources/themes/static/dist/vendors.js?m=1782211071:7:536476)
    at async om._fetchAndApplyPrice (https://www.hetzner.com/_resources/themes/static/dist/vendors.js?m=1782211071:7:536064) @ https://www.hetzner.com/_resources/themes/static/dist/vendors.js?m=1782211071:6
[     550ms] [WARNING] [ho-price] Failed to fetch price: TypeError: Failed to fetch
    at e9 (https://www.hetzner.com/_resources/themes/static/dist/vendors.js?m=1782211071:7:533398)
    at ot (https://www.hetzner.com/_resources/themes/static/dist/vendors.js?m=1782211071:7:533722)
    at on (https://www.hetzner.com/_resources/themes/static/dist/vendors.js?m=1782211071:7:534204)
    at async om._resolveViewPrice (https://www.hetzner.com/_resources/themes/static/dist/vendors.js?m=1782211071:7:536476)
    at async om._fetchAndApplyPrice (https://www.hetzner.com/_resources/themes/static/dist/vendors.js?m=1782211071:7:536064) @ https://www.hetzner.com/_resources/themes/static/dist/vendors.js?m=1782211071:6
[     550ms] [WARNING] [ho-price] Failed to fetch price: TypeError: Failed to fetch
    at e9 (https://www.hetzner.com/_resources/themes/static/dist/vendors.js?m=1782211071:7:533398)
    at ot (https://www.hetzner.com/_resources/themes/static/dist/vendors.js?m=1782211071:7:533722)
    at on (https://www.hetzner.com/_resources/themes/static/dist/vendors.js?m=1782211071:7:534204)
    at async om._resolveViewPrice (https://www.hetzner.com/_resources/themes/static/dist/vendors.js?m=1782211071:7:536476)
    at async om._fetchAndApplyPrice (https://www.hetzner.com/_resources/themes/static/dist/vendors.js?m=1782211071:7:536064) @ https://www.hetzner.com/_resources/themes/static/dist/vendors.js?m=1782211071:6
[     550ms] [WARNING] [ho-price] Failed to fetch price: TypeError: Failed to fetch
    at e9 (https://www.hetzner.com/_resources/themes/static/dist/vendors.js?m=1782211071:7:533398)
    at ot (https://www.hetzner.com/_resources/themes/static/dist/vendors.js?m=1782211071:7:533722)
    at on (https://www.hetzner.com/_resources/themes/static/dist/vendors.js?m=1782211071:7:534204)
    at async om._resolveViewPrice (https://www.hetzner.com/_resources/themes/static/dist/vendors.js?m=1782211071:7:536476)
    at async om._fetchAndApplyPrice (https://www.hetzner.com/_resources/themes/static/dist/vendors.js?m=1782211071:7:536064) @ https://www.hetzner.com/_resources/themes/static/dist/vendors.js?m=1782211071:6
[     550ms] [WARNING] [ho-price] Failed to fetch price: TypeError: Failed to fetch
    at e9 (https://www.hetzner.com/_resources/themes/static/dist/vendors.js?m=1782211071:7:533398)
    at ot (https://www.hetzner.com/_resources/themes/static/dist/vendors.js?m=1782211071:7:533722)
    at on (https://www.hetzner.com/_resources/themes/static/dist/vendors.js?m=1782211071:7:534204)
    at async om._resolveViewPrice (https://www.hetzner.com/_resources/themes/static/dist/vendors.js?m=1782211071:7:536476)
    at async om._fetchAndApplyPrice (https://www.hetzner.com/_resources/themes/static/dist/vendors.js?m=1782211071:7:536064) @ https://www.hetzner.com/_resources/themes/static/dist/vendors.js?m=1782211071:6
[     550ms] [WARNING] [ho-price] Failed to fetch price: TypeError: Failed to fetch
    at e9 (https://www.hetzner.com/_resources/themes/static/dist/vendors.js?m=1782211071:7:533398)
    at ot (https://www.hetzner.com/_resources/themes/static/dist/vendors.js?m=1782211071:7:533722)
    at on (https://www.hetzner.com/_resources/themes/static/dist/vendors.js?m=1782211071:7:534204)
    at async om._resolveViewPrice (https://www.hetzner.com/_resources/themes/static/dist/vendors.js?m=1782211071:7:536476)
    at async om._fetchAndApplyPrice (https://www.hetzner.com/_resources/themes/static/dist/vendors.js?m=1782211071:7:536064) @ https://www.hetzner.com/_resources/themes/static/dist/vendors.js?m=1782211071:6
[     550ms] [WARNING] [ho-price] Failed to fetch price: TypeError: Failed to fetch
    at e9 (https://www.hetzner.com/_resources/themes/static/dist/vendors.js?m=1782211071:7:533398)
    at ot (https://www.hetzner.com/_resources/themes/static/dist/vendors.js?m=1782211071:7:533722)
    at on (https://www.hetzner.com/_resources/themes/static/dist/vendors.js?m=1782211071:7:534204)
    at async om._resolveViewPrice (https://www.hetzner.com/_resources/themes/static/dist/vendors.js?m=1782211071:7:536476)
    at async om._fetchAndApplyPrice (https://www.hetzner.com/_resources/themes/static/dist/vendors.js?m=1782211071:7:536064) @ https://www.hetzner.com/_resources/themes/static/dist/vendors.js?m=1782211071:6
[     550ms] [WARNING] [ho-price] Failed to fetch price: TypeError: Failed to fetch
    at e9 (https://www.hetzner.com/_resources/themes/static/dist/vendors.js?m=1782211071:7:533398)
    at ot (https://www.hetzner.com/_resources/themes/static/dist/vendors.js?m=1782211071:7:533722)
    at on (https://www.hetzner.com/_resources/themes/static/dist/vendors.js?m=1782211071:7:534204)
    at async om._resolveViewPrice (https://www.hetzner.com/_resources/themes/static/dist/vendors.js?m=1782211071:7:536476)
    at async om._fetchAndApplyPrice (https://www.hetzner.com/_resources/themes/static/dist/vendors.js?m=1782211071:7:536064) @ https://www.hetzner.com/_resources/themes/static/dist/vendors.js?m=1782211071:6
[     550ms] [WARNING] [ho-price] Failed to fetch price: TypeError: Failed to fetch
    at e9 (https://www.hetzner.com/_resources/themes/static/dist/vendors.js?m=1782211071:7:533398)
    at ot (https://www.hetzner.com/_resources/themes/static/dist/vendors.js?m=1782211071:7:533722)
    at on (https://www.hetzner.com/_resources/themes/static/dist/vendors.js?m=1782211071:7:534204)
    at async om._resolveViewPrice (https://www.hetzner.com/_resources/themes/static/dist/vendors.js?m=1782211071:7:536476)
    at async om._fetchAndApplyPrice (https://www.hetzner.com/_resources/themes/static/dist/vendors.js?m=1782211071:7:536064) @ https://www.hetzner.com/_resources/themes/static/dist/vendors.js?m=1782211071:6
[     550ms] [WARNING] [ho-price] Failed to fetch price: TypeError: Failed to fetch
    at e9 (https://www.hetzner.com/_resources/themes/static/dist/vendors.js?m=1782211071:7:533398)
    at ot (https://www.hetzner.com/_resources/themes/static/dist/vendors.js?m=1782211071:7:533722)
    at on (https://www.hetzner.com/_resources/themes/static/dist/vendors.js?m=1782211071:7:534204)
    at async om._resolveViewPrice (https://www.hetzner.com/_resources/themes/static/dist/vendors.js?m=1782211071:7:536476)
    at async om._fetchAndApplyPrice (https://www.hetzner.com/_resources/themes/static/dist/vendors.js?m=1782211071:7:536064) @ https://www.hetzner.com/_resources/themes/static/dist/vendors.js?m=1782211071:6
[     550ms] [WARNING] [ho-price] Failed to fetch price: TypeError: Failed to fetch
    at e9 (https://www.hetzner.com/_resources/themes/static/dist/vendors.js?m=1782211071:7:533398)
    at ot (https://www.hetzner.com/_resources/themes/static/dist/vendors.js?m=1782211071:7:533722)
    at on (https://www.hetzner.com/_resources/themes/static/dist/vendors.js?m=1782211071:7:534204)
    at async om._resolveViewPrice (https://www.hetzner.com/_resources/themes/static/dist/vendors.js?m=1782211071:7:536476)
    at async om._fetchAndApplyPrice (https://www.hetzner.com/_resources/themes/static/dist/vendors.js?m=1782211071:7:536064) @ https://www.hetzner.com/_resources/themes/static/dist/vendors.js?m=1782211071:6
[     550ms] [WARNING] [ho-price] Failed to fetch price: TypeError: Failed to fetch
    at e9 (https://www.hetzner.com/_resources/themes/static/dist/vendors.js?m=1782211071:7:533398)
    at ot (https://www.hetzner.com/_resources/themes/static/dist/vendors.js?m=1782211071:7:533722)
    at on (https://www.hetzner.com/_resources/themes/static/dist/vendors.js?m=1782211071:7:534204)
    at async om._resolveViewPrice (https://www.hetzner.com/_resources/themes/static/dist/vendors.js?m=1782211071:7:536476)
    at async om._fetchAndApplyPrice (https://www.hetzner.com/_resources/themes/static/dist/vendors.js?m=1782211071:7:536064) @ https://www.hetzner.com/_resources/themes/static/dist/vendors.js?m=1782211071:6
[     551ms] [WARNING] [ho-price] Failed to fetch price: TypeError: Failed to fetch
    at e9 (https://www.hetzner.com/_resources/themes/static/dist/vendors.js?m=1782211071:7:533398)
    at ot (https://www.hetzner.com/_resources/themes/static/dist/vendors.js?m=1782211071:7:533722)
    at on (https://www.hetzner.com/_resources/themes/static/dist/vendors.js?m=1782211071:7:534204)
    at async om._resolveViewPrice (https://www.hetzner.com/_resources/themes/static/dist/vendors.js?m=1782211071:7:536476)
    at async om._fetchAndApplyPrice (https://www.hetzner.com/_resources/themes/static/dist/vendors.js?m=1782211071:7:536064) @ https://www.hetzner.com/_resources/themes/static/dist/vendors.js?m=1782211071:6
[     551ms] [WARNING] [ho-price] Failed to fetch price: TypeError: Failed to fetch
    at e9 (https://www.hetzner.com/_resources/themes/static/dist/vendors.js?m=1782211071:7:533398)
    at ot (https://www.hetzner.com/_resources/themes/static/dist/vendors.js?m=1782211071:7:533722)
    at on (https://www.hetzner.com/_resources/themes/static/dist/vendors.js?m=1782211071:7:534204)
    at async om._resolveViewPrice (https://www.hetzner.com/_resources/themes/static/dist/vendors.js?m=1782211071:7:536476)
    at async om._fetchAndApplyPrice (https://www.hetzner.com/_resources/themes/static/dist/vendors.js?m=1782211071:7:536064) @ https://www.hetzner.com/_resources/themes/static/dist/vendors.js?m=1782211071:6
[     551ms] [WARNING] [ho-price] Failed to fetch price: TypeError: Failed to fetch
    at e9 (https://www.hetzner.com/_resources/themes/static/dist/vendors.js?m=1782211071:7:533398)
    at ot (https://www.hetzner.com/_resources/themes/static/dist/vendors.js?m=1782211071:7:533722)
    at on (https://www.hetzner.com/_resources/themes/static/dist/vendors.js?m=1782211071:7:534204)
    at async om._resolveViewPrice (https://www.hetzner.com/_resources/themes/static/dist/vendors.js?m=1782211071:7:536476)
    at async om._fetchAndApplyPrice (https://www.hetzner.com/_resources/themes/static/dist/vendors.js?m=1782211071:7:536064) @ https://www.hetzner.com/_resources/themes/static/dist/vendors.js?m=1782211071:6
[     676ms] [ERROR] Access to fetch at 'https://chatbot-api.hetzner.com/api/v1/conversation' from origin 'https://www.hetzner.com' has been blocked by CORS policy: No 'Access-Control-Allow-Origin' header is present on the requested resource. @ https://www.hetzner.com/sb/:0
[     676ms] [ERROR] Failed to load resource: net::ERR_FAILED @ https://chatbot-api.hetzner.com/api/v1/conversation:0
[     676ms] [ERROR] Error sending message: TypeError: Failed to fetch
    at Ce.sendMessage (https://chatbot.hetzner.com/chatbot-widget-prod.bundle.js:1:19211)
    at Ms.initializeConversation (https://chatbot.hetzner.com/chatbot-widget-prod.bundle.js:2236:13298)
    at Ms.updated (https://chatbot.hetzner.com/chatbot-widget-prod.bundle.js:2236:12457)
    at Ms._$AE (https://chatbot.hetzner.com/chatbot-widget-prod.bundle.js:1:7261)
    at Ms.performUpdate (https://chatbot.hetzner.com/chatbot-widget-prod.bundle.js:1:7125)
    at Ms.scheduleUpdate (https://chatbot.hetzner.com/chatbot-widget-prod.bundle.js:1:6580)
    at Ms._$EP (https://chatbot.hetzner.com/chatbot-widget-prod.bundle.js:1:6488)
    at async Ms._$EP (https://chatbot.hetzner.com/chatbot-widget-prod.bundle.js:1:6432) @ https://chatbot.hetzner.com/chatbot-widget-prod.bundle.js:0
